TESTBUNDLE---PAGE-TRANSLATE_EXPRESSION--FIRST_KEY_ANOTHER_PIECE
TESTBUNDLE---PAGE-TRANSLATE_EXPRESSION--1000_RANDOM_VALUES_THIS_
