TESTBUNDLE---PAGE-HOMEPAGE--FIRST_KEY
TESTBUNDLE---PAGE-HOMEPAGE--SECOND_KEY
