TESTBUNDLE---PAGE-TRANSLATE_VARIABLE--FIRST_KEY
TESTBUNDLE---PAGE-TRANSLATE_VARIABLE--SECOND_KEY
